Fri Mar 31 08:53:09 AEDT 2023
Error not found: Segmentation fault: address not mapped to object
Error not found: Segmentation fault: invalid permissions for mapped object
Error not found: Transport retry count exceeded
Error not found: atmosphere/input.nml
Error not eligible for resubmission
Sat Apr  1 01:21:33 AEDT 2023
Error not found: Segmentation fault: address not mapped to object
Error not found: Segmentation fault: invalid permissions for mapped object
Error not found: Transport retry count exceeded
Error not found: atmosphere/input.nml
Error not eligible for resubmission
Thu Apr 13 14:37:45 AEST 2023
Error not found: Segmentation fault: address not mapped to object
Error not found: Segmentation fault: invalid permissions for mapped object
Error not found: Transport retry count exceeded
Error not found: atmosphere/input.nml
Error not eligible for resubmission
Thu Apr 20 16:37:41 AEST 2023
Error not found: Segmentation fault: address not mapped to object
Error not found: Segmentation fault: invalid permissions for mapped object
Error not found: Transport retry count exceeded
Error not found: atmosphere/input.nml
Error not eligible for resubmission
Sun Apr 30 19:48:10 AEST 2023
Error not found: Segmentation fault: address not mapped to object
Error not found: Segmentation fault: invalid permissions for mapped object
Error not found: Transport retry count exceeded
Error not found: atmosphere/input.nml
Error not eligible for resubmission
Mon May  1 03:11:38 AEST 2023
Error not found: Segmentation fault: address not mapped to object
Error not found: Segmentation fault: invalid permissions for mapped object
Error not found: Transport retry count exceeded
Error not found: atmosphere/input.nml
Error not eligible for resubmission
Sun May  7 22:23:24 AEST 2023
Error not found: Segmentation fault: address not mapped to object
Error not found: Segmentation fault: invalid permissions for mapped object
Error not found: Transport retry count exceeded
Error not found: atmosphere/input.nml
Error not eligible for resubmission
Thu May 11 09:49:31 AEST 2023
Error not found: Segmentation fault: address not mapped to object
Error not found: Segmentation fault: invalid permissions for mapped object
Error not found: Transport retry count exceeded
Error not found: atmosphere/input.nml
Error not eligible for resubmission
Thu May 11 13:57:58 AEST 2023
Error not found: Segmentation fault: address not mapped to object
Error not found: Segmentation fault: invalid permissions for mapped object
Error not found: Transport retry count exceeded
Error not found: atmosphere/input.nml
Error not eligible for resubmission
Thu May 11 15:31:00 AEST 2023
Error not found: Segmentation fault: address not mapped to object
Error not found: Segmentation fault: invalid permissions for mapped object
Error not found: Transport retry count exceeded
Error not found: atmosphere/input.nml
Error not eligible for resubmission
Sun Jun 25 18:28:23 AEST 2023
Error not found: Segmentation fault: address not mapped to object
Error not found: Segmentation fault: invalid permissions for mapped object
Error not found: Transport retry count exceeded
Error not found: atmosphere/input.nml
Error not eligible for resubmission
Sun Jun 25 19:25:08 AEST 2023
Error not found: Segmentation fault: address not mapped to object
Error not found: Segmentation fault: invalid permissions for mapped object
Error not found: Transport retry count exceeded
Error not found: atmosphere/input.nml
Error not eligible for resubmission
Sun Jun 25 19:35:13 AEST 2023
Error not found: Segmentation fault: address not mapped to object
Error not found: Segmentation fault: invalid permissions for mapped object
Error not found: Transport retry count exceeded
Error not found: atmosphere/input.nml
Error not eligible for resubmission
Sun Jun 25 20:03:09 AEST 2023
Error not found: Segmentation fault: address not mapped to object
Error not found: Segmentation fault: invalid permissions for mapped object
Error not found: Transport retry count exceeded
Error not found: atmosphere/input.nml
Error not eligible for resubmission
Sun Jun 25 20:15:27 AEST 2023
Error not found: Segmentation fault: address not mapped to object
Error not found: Segmentation fault: invalid permissions for mapped object
Error not found: Transport retry count exceeded
Error not found: atmosphere/input.nml
Error not eligible for resubmission
Sun Jun 25 21:08:57 AEST 2023
Error not found: Segmentation fault: address not mapped to object
Error not found: Segmentation fault: invalid permissions for mapped object
Error not found: Transport retry count exceeded
Error not found: atmosphere/input.nml
Error not eligible for resubmission
Sun Jun 25 21:19:36 AEST 2023
Error not found: Segmentation fault: address not mapped to object
Error not found: Segmentation fault: invalid permissions for mapped object
Error not found: Transport retry count exceeded
Error not found: atmosphere/input.nml
Error not eligible for resubmission
Tue Jun 27 02:41:15 AEST 2023
Error not found: Segmentation fault: address not mapped to object
Error not found: Segmentation fault: invalid permissions for mapped object
Error not found: Transport retry count exceeded
Error not found: atmosphere/input.nml
Error not eligible for resubmission
Tue Jun 27 19:25:42 AEST 2023
Error not found: Segmentation fault: address not mapped to object
Error not found: Segmentation fault: invalid permissions for mapped object
Error not found: Transport retry count exceeded
Error not found: atmosphere/input.nml
Error not eligible for resubmission
Tue Jun 27 23:01:56 AEST 2023
Error not found: Segmentation fault: address not mapped to object
Error not found: Segmentation fault: invalid permissions for mapped object
Error not found: Transport retry count exceeded
Error not found: atmosphere/input.nml
Error not eligible for resubmission
Wed Jun 28 10:07:35 AEST 2023
Error not found: Segmentation fault: address not mapped to object
Error not found: Segmentation fault: invalid permissions for mapped object
Error not found: Transport retry count exceeded
Error not found: atmosphere/input.nml
Error not eligible for resubmission
Wed Jun 28 14:24:42 AEST 2023
Error not found: Segmentation fault: address not mapped to object
Error not found: Segmentation fault: invalid permissions for mapped object
Error not found: Transport retry count exceeded
Error not found: atmosphere/input.nml
Error not eligible for resubmission
Wed Jun 28 16:48:22 AEST 2023
Error not found: Segmentation fault: address not mapped to object
Error not found: Segmentation fault: invalid permissions for mapped object
Error not found: Transport retry count exceeded
Error not found: atmosphere/input.nml
Error not eligible for resubmission
Thu Jun 29 09:09:54 AEST 2023
Error not found: Segmentation fault: address not mapped to object
Error not found: Segmentation fault: invalid permissions for mapped object
Error not found: Transport retry count exceeded
Error not found: atmosphere/input.nml
Error not eligible for resubmission
Thu Jun 29 09:19:02 AEST 2023
Error found: Segmentation fault: address not mapped to object
Reset resubmission counter
Resubmission counter: 2
laboratory path:  /scratch/e14/rmh561/access-om2
binary path:  /scratch/e14/rmh561/access-om2/bin
input path:  /scratch/e14/rmh561/access-om2/input
work path:  /scratch/e14/rmh561/access-om2/work
archive path:  /scratch/e14/rmh561/access-om2/archive
Removing work path /scratch/e14/rmh561/access-om2/work/025deg_era5_iaf
Removing symlink /home/561/rmh561/access-om2/025deg_era5_iaf/work

Thu Jun 29 14:45:47 AEST 2023
Error not found: Segmentation fault: address not mapped to object
Error not found: Segmentation fault: invalid permissions for mapped object
Error not found: Transport retry count exceeded
Error not found: atmosphere/input.nml
Error not eligible for resubmission
Thu Jun 29 16:43:53 AEST 2023
Error not found: Segmentation fault: address not mapped to object
Error not found: Segmentation fault: invalid permissions for mapped object
Error not found: Transport retry count exceeded
Error not found: atmosphere/input.nml
Error not eligible for resubmission
Fri Jun 30 14:03:53 AEST 2023
Error not found: Segmentation fault: address not mapped to object
Error not found: Segmentation fault: invalid permissions for mapped object
Error not found: Transport retry count exceeded
Error not found: atmosphere/input.nml
Error not eligible for resubmission
Thu Jul 13 18:46:15 AEST 2023
Error not found: Segmentation fault: address not mapped to object
Error not found: Segmentation fault: invalid permissions for mapped object
Error not found: Transport retry count exceeded
Error not found: atmosphere/input.nml
Error not eligible for resubmission
Fri Jul 14 08:41:04 AEST 2023
Error not found: Segmentation fault: address not mapped to object
Error not found: Segmentation fault: invalid permissions for mapped object
Error not found: Transport retry count exceeded
Error not found: atmosphere/input.nml
Error not eligible for resubmission
Fri Jul 14 08:48:40 AEST 2023
Error not found: Segmentation fault: address not mapped to object
Error not found: Segmentation fault: invalid permissions for mapped object
Error not found: Transport retry count exceeded
Error not found: atmosphere/input.nml
Error not eligible for resubmission
Sat Jul 15 14:31:00 AEST 2023
Error not found: Segmentation fault: address not mapped to object
Error not found: Segmentation fault: invalid permissions for mapped object
Error not found: Transport retry count exceeded
Error not found: atmosphere/input.nml
Error not eligible for resubmission
Mon Jul 17 00:00:18 AEST 2023
Error not found: Segmentation fault: address not mapped to object
Error not found: Segmentation fault: invalid permissions for mapped object
Error not found: Transport retry count exceeded
Error not found: atmosphere/input.nml
Error not eligible for resubmission
Mon Jul 17 11:43:20 AEST 2023
Error not found: Segmentation fault: address not mapped to object
Error not found: Segmentation fault: invalid permissions for mapped object
Error not found: Transport retry count exceeded
Error not found: atmosphere/input.nml
Error not eligible for resubmission
Mon Jul 17 23:31:02 AEST 2023
Error not found: Segmentation fault: address not mapped to object
Error not found: Segmentation fault: invalid permissions for mapped object
Error not found: Transport retry count exceeded
Error not found: atmosphere/input.nml
Error not eligible for resubmission
Tue Jul 18 09:59:31 AEST 2023
Error not found: Segmentation fault: address not mapped to object
Error not found: Segmentation fault: invalid permissions for mapped object
Error not found: Transport retry count exceeded
Error not found: atmosphere/input.nml
Error not eligible for resubmission
Tue Jul 18 21:29:45 AEST 2023
Error not found: Segmentation fault: address not mapped to object
Error not found: Segmentation fault: invalid permissions for mapped object
Error not found: Transport retry count exceeded
Error not found: atmosphere/input.nml
Error not eligible for resubmission
Wed Jul 19 17:41:19 AEST 2023
Error not found: Segmentation fault: address not mapped to object
Error not found: Segmentation fault: invalid permissions for mapped object
Error not found: Transport retry count exceeded
Error not found: atmosphere/input.nml
Error not eligible for resubmission
Fri Jul 21 18:10:16 AEST 2023
Error not found: Segmentation fault: address not mapped to object
Error not found: Segmentation fault: invalid permissions for mapped object
Error not found: Transport retry count exceeded
Error not found: atmosphere/input.nml
Error not eligible for resubmission
Tue Jul 25 09:38:01 AEST 2023
Error not found: Segmentation fault: address not mapped to object
Error not found: Segmentation fault: invalid permissions for mapped object
Error not found: Transport retry count exceeded
Error not found: atmosphere/input.nml
Error not eligible for resubmission
Wed Aug  9 13:30:32 AEST 2023
Error not found: Segmentation fault: address not mapped to object
Error not found: Segmentation fault: invalid permissions for mapped object
Error not found: Transport retry count exceeded
Error not found: atmosphere/input.nml
Error not eligible for resubmission
Wed Aug  9 13:37:40 AEST 2023
Error not found: Segmentation fault: address not mapped to object
Error not found: Segmentation fault: invalid permissions for mapped object
Error not found: Transport retry count exceeded
Error not found: atmosphere/input.nml
Error not eligible for resubmission
Fri Apr 12 15:29:09 AEST 2024
Error not found: Segmentation fault: address not mapped to object
Error not found: Segmentation fault: invalid permissions for mapped object
Error not found: Transport retry count exceeded
Error not found: atmosphere/input.nml
Error not eligible for resubmission
Fri Jul 26 21:34:12 AEST 2024
Error found: Segmentation fault: address not mapped to object
Reset resubmission counter
Resubmission counter: 2
laboratory path:  /scratch/e14/rmh561/access-om2
binary path:  /scratch/e14/rmh561/access-om2/bin
input path:  /scratch/e14/rmh561/access-om2/input
work path:  /scratch/e14/rmh561/access-om2/work
archive path:  /scratch/e14/rmh561/access-om2/archive
Removing work path /scratch/e14/rmh561/access-om2/work/025deg_era5_iaf
Removing symlink /home/561/rmh561/access-om2/025deg_era5_iaf/work
121748977.gadi-pbs
payu: warning: Job request includes 7 unused CPUs.
payu: warning: CPU request increased from 1817 to 1824
Loading input manifest: manifests/input.yaml
Loading restart manifest: manifests/restart.yaml
Loading exe manifest: manifests/exe.yaml
payu: Found modules in /opt/Modules/v4.3.0
qsub -q normal -P e14 -l walltime=05:00:00 -l ncpus=1824 -l mem=7296GB -N 025deg_era5_iaf -l wd -j n -v PAYU_PATH=/g/data/hh5/public/apps/miniconda3/envs/analysis3-24.01/bin,PAYU_N_RUNS=5,MODULESHOME=/opt/Modules/v4.3.0,MODULES_CMD=/opt/Modules/v4.3.0/libexec/modulecmd.tcl,MODULEPATH=/etc/scl/modulefiles:/g/data/hh5/public/modules:/etc/scl/modulefiles:/etc/scl/modulefiles:/apps/Modules/restricted-modulefiles/matlab_unsw:/opt/Modules/modulefiles:/opt/Modules/v4.3.0/modulefiles:/apps/Modules/modulefiles -W umask=027 -l storage=gdata/hh5+gdata/ik11+gdata/qv56+gdata/rt52+scratch/e14 -- /g/data/hh5/public/apps/miniconda3/envs/analysis3-24.01/bin/python3.10 /g/data/hh5/public/apps/miniconda3/envs/analysis3-24.01/bin/payu-run

Sun Jul 28 01:30:10 AEST 2024
Error not found: Segmentation fault: address not mapped to object
Error not found: Segmentation fault: invalid permissions for mapped object
Error not found: Transport retry count exceeded
Error not found: atmosphere/input.nml
Error not eligible for resubmission
Mon Jul 29 04:20:10 AEST 2024
Error found: Segmentation fault: address not mapped to object
Reset resubmission counter
Resubmission counter: 2
laboratory path:  /scratch/e14/rmh561/access-om2
binary path:  /scratch/e14/rmh561/access-om2/bin
input path:  /scratch/e14/rmh561/access-om2/input
work path:  /scratch/e14/rmh561/access-om2/work
archive path:  /scratch/e14/rmh561/access-om2/archive
Moving log 025deg_era5_iaf.o121850790
Moving log 025deg_era5_iaf.e121850790
Moving log 025deg_era5_i_c.o121860617
Moving log 025deg_era5_i_c.e121860617
Moving log 025deg_era5_iaf.o121860836
Moving log 025deg_era5_iaf.e121860836
Moving log 025deg_era5_i_c.o121870227
Moving log 025deg_era5_i_c.e121870227
Moving log 025deg_era5_iaf.o121870235
Moving log 025deg_era5_iaf.e121870235
Moving log 025deg_era5_i_c.o121878743
Moving log 025deg_era5_i_c.e121878743
Moving log 025deg_era5_iaf.o121878749
Moving log 025deg_era5_iaf.e121878749
Moving log 025deg_era5_i_c.o121887272
Moving log 025deg_era5_i_c.e121887272
Removing work path /scratch/e14/rmh561/access-om2/work/025deg_era5_iaf
Removing symlink /home/561/rmh561/access-om2/025deg_era5_iaf/work
121888380.gadi-pbs
payu: warning: Job request includes 7 unused CPUs.
payu: warning: CPU request increased from 1817 to 1824
Loading input manifest: manifests/input.yaml
Loading restart manifest: manifests/restart.yaml
Loading exe manifest: manifests/exe.yaml
payu: Found modules in /opt/Modules/v4.3.0
qsub -q normal -P e14 -l walltime=05:00:00 -l ncpus=1824 -l mem=7296GB -N 025deg_era5_iaf -l wd -j n -v PAYU_PATH=/g/data/hh5/public/apps/miniconda3/envs/analysis3-24.01/bin,PAYU_N_RUNS=47,MODULESHOME=/opt/Modules/v4.3.0,MODULES_CMD=/opt/Modules/v4.3.0/libexec/modulecmd.tcl,MODULEPATH=/etc/scl/modulefiles:/g/data/hh5/public/modules:/etc/scl/modulefiles:/etc/scl/modulefiles:/apps/Modules/restricted-modulefiles/matlab_unsw:/opt/Modules/modulefiles:/opt/Modules/v4.3.0/modulefiles:/apps/Modules/modulefiles -W umask=027 -l storage=gdata/hh5+gdata/ik11+gdata/qv56+gdata/rt52+scratch/e14 -- /g/data/hh5/public/apps/miniconda3/envs/analysis3-24.01/bin/python3.10 /g/data/hh5/public/apps/miniconda3/envs/analysis3-24.01/bin/payu-run

Wed Jul 31 01:36:22 AEST 2024
Error not found: Segmentation fault: address not mapped to object
Error not found: Segmentation fault: invalid permissions for mapped object
Error not found: Transport retry count exceeded
Error not found: atmosphere/input.nml
Error not eligible for resubmission
Wed Jul 31 11:31:07 AEST 2024
Error not found: Segmentation fault: address not mapped to object
Error not found: Segmentation fault: invalid permissions for mapped object
Error not found: Transport retry count exceeded
Error not found: atmosphere/input.nml
Error not eligible for resubmission
Fri Aug  2 08:39:09 AEST 2024
Error not found: Segmentation fault: address not mapped to object
Error not found: Segmentation fault: invalid permissions for mapped object
Error not found: Transport retry count exceeded
Error not found: atmosphere/input.nml
Error not eligible for resubmission
